  Determining projects to restore...
  All projects are up-to-date for restore.
  Failures.Domain -> D:\Practice\Failures\Failures.Domain\bin\Debug\net10.0\Failures.Domain.dll
  Failures.Application -> D:\Practice\Failures\Failures.Application\bin\Debug\net10.0\Failures.Application.dll
D:\Practice\Failures\Failures.Infrastructure\DependencyInjection.cs(3,31): error CS0234: The type or namespace name 'Services' does not exist in the namespace 'Failures.Infrastructure' (are you missing an assembly reference?) [D:\Practice\Failures\Failures.Infrastructure\Failures.Infrastructure.csproj]

Build FAILED.

D:\Practice\Failures\Failures.Infrastructure\DependencyInjection.cs(3,31): error CS0234: The type or namespace name 'Services' does not exist in the namespace 'Failures.Infrastructure' (are you missing an assembly reference?) [D:\Practice\Failures\Failures.Infrastructure\Failures.Infrastructure.csproj]
    0 Warning(s)
    1 Error(s)

Time Elapsed 00:00:02.11
